session: 17.333098ms
frame,preprocess_ms,inference_ms,total_ms
1,9.750,142.053,151.803
2,6.631,134.647,141.278
3,6.632,118.653,125.285
4,6.605,106.886,113.492
5,6.583,116.863,123.446
6,6.587,122.951,129.539
7,6.656,137.548,144.204
8,6.881,140.902,147.783
9,6.774,137.101,143.874
10,7.080,139.154,146.235
11,6.909,140.538,147.447
12,6.965,141.725,148.690
13,7.144,139.251,146.395
14,6.968,140.067,147.036
15,6.900,116.298,123.199
16,6.933,119.066,125.999
17,7.037,138.965,146.002
18,6.497,143.139,149.636
19,6.454,139.753,146.207
20,7.486,142.944,150.430
21,6.846,121.213,128.059
22,6.579,119.679,126.258
23,6.508,140.388,146.897
24,6.828,123.158,129.987
25,6.580,140.253,146.833
26,6.583,140.906,147.490
27,6.453,139.236,145.689
28,6.963,126.525,133.488
29,7.135,137.859,144.994
30,6.550,140.048,146.599
31,6.554,141.006,147.560
32,6.604,138.727,145.330
33,6.590,149.100,155.691
34,6.543,137.675,144.218
35,6.979,141.162,148.141
36,6.623,140.679,147.301
37,6.628,124.780,131.409
38,7.116,138.539,145.655
39,7.284,139.200,146.484
40,6.664,142.768,149.432
41,6.781,140.608,147.390
42,6.686,136.623,143.309
43,6.675,126.941,133.616
44,6.558,131.549,138.107
45,6.446,135.112,141.559
46,6.496,139.328,145.824
47,6.380,140.096,146.476
48,6.894,123.405,130.299
49,7.000,121.819,128.819
50,6.855,136.736,143.591
51,6.866,125.776,132.642
52,7.001,144.763,151.764
53,7.024,139.438,146.463
54,7.101,113.290,120.392
55,7.078,129.190,136.268
56,7.116,136.625,143.741
57,7.119,140.564,147.683
58,7.553,139.780,147.333
59,7.495,138.486,145.982
60,7.530,116.841,124.372
61,7.565,129.434,137.000
62,7.577,141.246,148.823
63,7.531,140.880,148.411
64,7.575,113.424,120.999
65,7.620,129.247,136.867
66,7.634,138.078,145.713
67,7.598,140.329,147.927
68,7.201,139.425,146.626
69,7.106,144.995,152.101
70,7.610,116.639,124.249
71,7.421,132.351,139.771
72,7.418,134.390,141.807
73,7.542,136.552,144.094
74,7.555,117.414,124.969
75,7.475,129.948,137.423
76,7.591,141.193,148.784
77,7.674,140.679,148.354
78,7.194,113.408,120.602
79,7.253,128.133,135.386
80,7.351,136.585,143.936
81,7.313,141.338,148.651
82,7.237,140.769,148.006
83,7.324,139.383,146.706
84,7.213,119.824,127.038
85,7.369,135.453,142.822
86,7.253,131.854,139.107
87,7.270,137.775,145.045
88,7.796,140.722,148.518
89,7.709,108.658,116.368
90,7.259,128.915,136.175
91,7.452,144.560,152.013
92,7.270,139.557,146.828
93,7.296,141.457,148.753
94,7.261,122.963,130.224
95,7.349,130.956,138.305
96,7.308,133.186,140.494
97,7.284,139.300,146.584
98,7.695,119.806,127.501
99,7.909,135.518,143.428
100,7.685,131.578,139.263
101,7.686,139.832,147.518
102,7.831,120.666,128.498
103,7.756,136.960,144.716
104,7.653,133.621,141.274
105,7.680,136.178,143.858
106,7.733,116.883,124.617
107,7.655,129.940,137.596
108,7.538,138.346,145.884
109,7.197,140.961,148.158
110,15.121,109.882,125.002
111,7.671,128.124,135.795
112,7.715,138.816,146.532
113,7.524,140.148,147.672
114,7.612,139.405,147.017
115,7.547,126.118,133.665
116,7.346,136.457,143.804
117,7.502,133.983,141.485
118,6.900,139.291,146.191
119,6.867,120.131,126.998
120,7.140,136.932,144.073
wall_s=17.52 max_rss_kb=1050836
