device=Cuda(0) intra_op_threads=1 inter_op_threads=1 OMP_NUM_THREADS=1 MKL_NUM_THREADS=1 PYTORCH_ENABLE_MPS_FALLBACK=unset
loaded 53 FP32 tensors, 18 conv + 17 PReLU, device=Cuda(0)
warmup_frame=0 inference_sync_readback_ms=229.809
frame=0 shape=[1, 3, 2880, 5120] float_mse=2.032853136634e-15 max_abs=5.960464477539e-7 psnr_0_1_db=146.919
frame,preprocess_ms,inference_sync_readback_ms,total_ms
1,17.136,141.142,158.278
2,17.357,141.945,159.301
3,18.285,117.072,135.358
4,15.423,138.947,154.370
5,16.709,114.316,131.026
6,16.585,117.766,134.355
7,19.241,137.246,156.487
8,16.692,122.619,139.311
9,16.712,138.566,155.279
10,16.680,132.486,149.167
11,19.416,137.076,156.492
12,17.347,140.482,157.829
13,16.726,141.743,158.469
14,16.753,110.470,127.223
15,16.779,132.612,149.392
16,16.657,125.381,142.038
17,15.606,130.979,146.585
18,15.304,123.041,138.345
19,17.335,134.870,152.206
20,16.845,140.641,157.486
21,16.822,137.895,154.718
22,19.414,139.717,159.131
23,19.317,117.380,136.697
24,17.361,138.291,155.652
25,16.656,133.256,149.913
26,17.278,137.134,154.412
27,17.745,140.234,157.979
28,16.870,140.706,157.576
29,16.457,109.740,126.197
30,16.891,133.443,150.335
31,16.421,124.958,141.379
32,15.402,132.228,147.630
33,15.308,122.828,138.136
34,16.695,129.843,146.539
35,16.681,133.908,150.589
36,15.810,130.514,146.325
37,15.377,141.679,157.056
38,18.782,121.623,140.406
39,15.605,106.694,122.300
40,15.734,140.570,156.304
41,17.687,117.401,135.089
42,15.760,141.505,157.265
43,16.501,122.258,138.759
44,16.251,141.180,157.432
45,17.327,116.385,133.713
46,16.870,126.468,143.338
47,18.634,122.292,140.926
48,16.973,130.796,147.769
49,16.678,124.802,141.481
50,17.842,136.472,154.314
51,16.393,143.036,159.430
52,15.784,138.022,153.807
53,19.799,116.919,136.718
54,19.148,139.445,158.593
55,21.001,125.088,146.089
56,19.220,133.437,152.657
57,17.699,141.981,159.679
58,16.964,117.953,134.917
59,17.392,140.244,157.637
60,17.203,125.734,142.937
61,17.275,133.962,151.237
62,17.557,130.236,147.794
63,17.854,124.882,142.736
64,17.535,133.073,150.608
65,17.390,133.374,150.763
66,16.337,130.680,147.018
67,16.156,139.241,155.397
68,18.213,114.673,132.886
69,16.508,140.981,157.489
70,17.190,116.277,133.467
71,19.814,135.500,155.314
72,17.953,143.379,161.332
73,19.559,138.970,158.529
74,17.645,141.440,159.085
75,16.128,123.237,139.365
76,17.270,134.965,152.236
77,17.556,129.005,146.560
78,17.124,124.959,142.084
79,17.353,136.243,153.596
80,16.730,145.042,161.773
81,17.493,123.163,140.656
82,17.359,141.574,158.934
83,16.292,125.654,141.947
84,17.575,134.096,151.672
85,17.525,135.909,153.435
86,21.676,138.346,160.022
87,19.365,141.995,161.361
88,16.498,118.527,135.026
89,17.440,129.567,147.007
90,20.288,126.370,146.658
91,17.189,137.067,154.257
92,17.514,135.544,153.059
93,16.816,140.805,157.622
94,17.648,140.283,157.932
95,16.118,123.315,139.433
96,17.587,135.621,153.209
97,17.500,135.333,152.833
98,18.264,139.196,157.461
99,17.701,142.652,160.353
100,16.164,125.225,141.390
101,17.198,133.589,150.787
102,17.771,126.715,144.487
103,17.429,125.326,142.756
104,19.532,141.867,161.399
105,17.672,123.450,141.122
106,19.223,139.495,158.718
107,18.645,121.534,140.180
108,16.314,105.474,121.788
109,16.074,141.123,157.197
110,17.777,116.586,134.364
111,16.029,142.231,158.260
112,17.576,114.688,132.264
113,19.832,132.543,152.376
114,17.310,144.760,162.070
115,16.766,141.414,158.180
116,17.057,143.990,161.047
117,16.030,124.177,140.207
118,17.049,139.368,156.417
119,17.169,133.021,150.190
120,18.918,137.984,156.902
wall_s=18.98 max_rss_kb=1013328
