backend=Cuda(0) input=/tmp/pixworker-4090-GWfL65rY/input/short.mkv output=/tmp/pixworker-4090-GWfL65rY/output/tch-cuda-short2.mov fps=24000/1001 vfi=1 threads_intra=1 threads_inter=1 OMP_NUM_THREADS=1 MKL_NUM_THREADS=1 PYTORCH_ENABLE_MPS_FALLBACK=unset
Extracting to directory '/tmp/pixworker-4090-GWfL65rY/src/benches/native-tch-linux/target/.tmpbFcS6E/extracted' with ffmpeg...
ffmpeg version 6.1.1-3ubuntu5 Copyright (c) 2000-2023 the FFmpeg developers
  built with gcc 13 (Ubuntu 13.2.0-23ubuntu3)
  configuration: --prefix=/usr --extra-version=3ubuntu5 --toolchain=hardened --libdir=/usr/lib/x86_64-linux-gnu --incdir=/usr/include/x86_64-linux-gnu --arch=amd64 --enable-gpl --disable-stripping --disable-omx --enable-gnutls --enable-libaom --enable-libass --enable-libbs2b --enable-libcaca --enable-libcdio --enable-libcodec2 --enable-libdav1d --enable-libflite --enable-libfontconfig --enable-libfreetype --enable-libfribidi --enable-libglslang --enable-libgme --enable-libgsm --enable-libharfbuzz --enable-libmp3lame --enable-libmysofa --enable-libopenjpeg --enable-libopenmpt --enable-libopus --enable-librubberband --enable-libshine --enable-libsnappy --enable-libsoxr --enable-libspeex --enable-libtheora --enable-libtwolame --enable-libvidstab --enable-libvorbis --enable-libvpx --enable-libwebp --enable-libx265 --enable-libxml2 --enable-libxvid --enable-libzimg --enable-openal --enable-opencl --enable-opengl --disable-sndio --enable-libvpl --disable-libmfx --enable-libdc1394 --enable-libdrm --enable-libiec61883 --enable-chromaprint --enable-frei0r --enable-ladspa --enable-libbluray --enable-libjack --enable-libpulse --enable-librabbitmq --enable-librist --enable-libsrt --enable-libssh --enable-libsvtav1 --enable-libx264 --enable-libzmq --enable-libzvbi --enable-lv2 --enable-sdl2 --enable-libplacebo --enable-librav1e --enable-pocketsphinx --enable-librsvg --enable-libjxl --enable-shared
  libavutil      58. 29.100 / 58. 29.100
  libavcodec     60. 31.102 / 60. 31.102
  libavformat    60. 16.100 / 60. 16.100
  libavdevice    60.  3.100 / 60.  3.100
  libavfilter     9. 12.100 /  9. 12.100
  libswscale      7.  5.100 /  7.  5.100
  libswresample   4. 12.100 /  4. 12.100
  libpostproc    57.  3.100 / 57.  3.100
Input #0, matroska,webm, from '/tmp/pixworker-4090-GWfL65rY/input/short.mkv':
  Metadata:
    ENCODER         : Lavf63.1.102
  Duration: 00:00:05.01, start: 0.000000, bitrate: 21675 kb/s
  Stream #0:0: Video: h264 (High 4:4:4 Predictive), yuv420p(tv, progressive), 1280x720 [SAR 1:1 DAR 16:9], 23.98 fps, 23.98 tbr, 1k tbn
    Metadata:
      ENCODER         : Lavc63.1.102 libx264
      DURATION        : 00:00:05.005000000
  Stream #0:1: Audio: flac, 48000 Hz, stereo, s32 (24 bit)
    Metadata:
      ENCODER         : Lavc63.1.102 flac
      DURATION        : 00:00:05.006000000
Stream mapping:
  Stream #0:0 -> #0:0 (h264 (native) -> png (native))
  Stream #0:1 -> #1:0 (flac (native) -> pcm_s16le (native))
Press [q] to stop, [?] for help
Output #1, wav, to '/tmp/pixworker-4090-GWfL65rY/src/benches/native-tch-linux/target/.tmpbFcS6E/extracted/audio/0.wav':
  Metadata:
    ISFT            : Lavf60.16.100
  Stream #1:0: Audio: pcm_s16le ([1][0][0][0] / 0x0001), 44100 Hz, stereo, s16, 1411 kb/s
    Metadata:
      DURATION        : 00:00:05.006000000
      encoder         : Lavc60.31.102 pcm_s16le
Output #0, image2, to '/tmp/pixworker-4090-GWfL65rY/src/benches/native-tch-linux/target/.tmpbFcS6E/extracted/frames/%d.png':
  Metadata:
    encoder         : Lavf60.16.100
  Stream #0:0: Video: png, rgb24(pc, gbr/unknown/unknown, progressive), 1280x720 [SAR 1:1 DAR 16:9], q=2-31, 200 kb/s, 23.98 fps, 23.98 tbn
    Metadata:
      DURATION        : 00:00:05.005000000
      encoder         : Lavc60.31.102 png
frame=    0 fps=0.0 q=0.0 size=       0kB time=00:00:00.48 bitrate=   0.0kbits/s speed=34.9x    [out#0/image2 @ 0x5c79dc74e140] video:55554kB audio:0kB subtitle:0kB other streams:0kB global headers:0kB muxing overhead: unknown
[out#1/wav @ 0x5c79dc8fe2c0] video:0kB audio:862kB subtitle:0kB other streams:0kB global headers:0kB muxing overhead: 0.008836%
frame=  120 fps=0.0 q=-0.0 Lsize=N/A time=00:00:05.00 bitrate=N/A speed=20.9x    
Extract 120 frames in total.
loaded 53 FP32 tensors, 18 conv + 17 PReLU, device=Cuda(0)
processed_frame=0
processed_frame=1
processed_frame=2
processed_frame=3
processed_frame=4
processed_frame=5
processed_frame=6
processed_frame=7
processed_frame=8
processed_frame=9
processed_frame=10
processed_frame=11
processed_frame=12
processed_frame=13
processed_frame=14
processed_frame=15
processed_frame=16
processed_frame=17
processed_frame=18
processed_frame=19
processed_frame=20
processed_frame=21
processed_frame=22
processed_frame=23
processed_frame=24
processed_frame=25
processed_frame=26
processed_frame=27
processed_frame=28
processed_frame=29
processed_frame=30
processed_frame=31
processed_frame=32
processed_frame=33
processed_frame=34
processed_frame=35
processed_frame=36
processed_frame=37
processed_frame=38
processed_frame=39
processed_frame=40
processed_frame=41
processed_frame=42
processed_frame=43
processed_frame=44
processed_frame=45
processed_frame=46
processed_frame=47
processed_frame=48
processed_frame=49
processed_frame=50
processed_frame=51
processed_frame=52
processed_frame=53
processed_frame=54
processed_frame=55
processed_frame=56
processed_frame=57
processed_frame=58
processed_frame=59
processed_frame=60
processed_frame=61
processed_frame=62
processed_frame=63
processed_frame=64
processed_frame=65
processed_frame=66
processed_frame=67
processed_frame=68
processed_frame=69
processed_frame=70
processed_frame=71
processed_frame=72
processed_frame=73
processed_frame=74
processed_frame=75
processed_frame=76
processed_frame=77
processed_frame=78
processed_frame=79
processed_frame=80
processed_frame=81
processed_frame=82
processed_frame=83
processed_frame=84
processed_frame=85
processed_frame=86
processed_frame=87
processed_frame=88
processed_frame=89
processed_frame=90
processed_frame=91
processed_frame=92
processed_frame=93
processed_frame=94
processed_frame=95
processed_frame=96
processed_frame=97
processed_frame=98
processed_frame=99
processed_frame=100
processed_frame=101
processed_frame=102
processed_frame=103
processed_frame=104
processed_frame=105
processed_frame=106
processed_frame=107
processed_frame=108
processed_frame=109
processed_frame=110
processed_frame=111
processed_frame=112
processed_frame=113
processed_frame=114
processed_frame=115
processed_frame=116
processed_frame=117
processed_frame=118
processed_frame=119
Total 120 frames.
Archiving to file '/tmp/pixworker-4090-GWfL65rY/src/benches/native-tch-linux/target/.tmpbFcS6E/encoded.mov' with ffmpeg...
ffmpeg version 6.1.1-3ubuntu5 Copyright (c) 2000-2023 the FFmpeg developers
  built with gcc 13 (Ubuntu 13.2.0-23ubuntu3)
  configuration: --prefix=/usr --extra-version=3ubuntu5 --toolchain=hardened --libdir=/usr/lib/x86_64-linux-gnu --incdir=/usr/include/x86_64-linux-gnu --arch=amd64 --enable-gpl --disable-stripping --disable-omx --enable-gnutls --enable-libaom --enable-libass --enable-libbs2b --enable-libcaca --enable-libcdio --enable-libcodec2 --enable-libdav1d --enable-libflite --enable-libfontconfig --enable-libfreetype --enable-libfribidi --enable-libglslang --enable-libgme --enable-libgsm --enable-libharfbuzz --enable-libmp3lame --enable-libmysofa --enable-libopenjpeg --enable-libopenmpt --enable-libopus --enable-librubberband --enable-libshine --enable-libsnappy --enable-libsoxr --enable-libspeex --enable-libtheora --enable-libtwolame --enable-libvidstab --enable-libvorbis --enable-libvpx --enable-libwebp --enable-libx265 --enable-libxml2 --enable-libxvid --enable-libzimg --enable-openal --enable-opencl --enable-opengl --disable-sndio --enable-libvpl --disable-libmfx --enable-libdc1394 --enable-libdrm --enable-libiec61883 --enable-chromaprint --enable-frei0r --enable-ladspa --enable-libbluray --enable-libjack --enable-libpulse --enable-librabbitmq --enable-librist --enable-libsrt --enable-libssh --enable-libsvtav1 --enable-libx264 --enable-libzmq --enable-libzvbi --enable-lv2 --enable-sdl2 --enable-libplacebo --enable-librav1e --enable-pocketsphinx --enable-librsvg --enable-libjxl --enable-shared
  libavutil      58. 29.100 / 58. 29.100
  libavcodec     60. 31.102 / 60. 31.102
  libavformat    60. 16.100 / 60. 16.100
  libavdevice    60.  3.100 / 60.  3.100
  libavfilter     9. 12.100 /  9. 12.100
  libswscale      7.  5.100 /  7.  5.100
  libswresample   4. 12.100 /  4. 12.100
  libpostproc    57.  3.100 / 57.  3.100
Input #0, image2, from '/tmp/pixworker-4090-GWfL65rY/src/benches/native-tch-linux/target/.tmpbFcS6E/frames/%d.png':
  Duration: 00:00:05.01, start: 0.000000, bitrate: N/A
  Stream #0:0: Video: png, rgb24(pc, gbr/unknown/unknown), 2560x1440, 23.98 fps, 23.98 tbr, 23.98 tbn
[aist#1:0/pcm_s16le @ 0x5bbdba362f00] Guessed Channel Layout: stereo
Input #1, wav, from '/tmp/pixworker-4090-GWfL65rY/src/benches/native-tch-linux/target/.tmpbFcS6E/audio/0.wav':
  Metadata:
    encoder         : Lavf60.16.100
  Duration: 00:00:05.00, bitrate: 1411 kb/s
  Stream #1:0: Audio: pcm_s16le ([1][0][0][0] / 0x0001), 44100 Hz, 2 channels, s16, 1411 kb/s
Stream mapping:
  Stream #0:0 -> #0:0 (png (native) -> hevc (libx265))
  Stream #1:0 -> #0:1 (pcm_s16le (native) -> pcm_s16le (native))
Press [q] to stop, [?] for help
[in#0/image2 @ 0x5bbdbc76d840] Thread message queue blocking; consider raising the thread_queue_size option (current value: 8)
x265 [info]: HEVC encoder version 3.5+1-f0c1022b6
x265 [info]: build info [Linux][GCC 13.2.0][64 bit] 8bit+10bit+12bit
x265 [info]: using cpu capabilities: MMX2 SSE2Fast LZCNT SSSE3 SSE4.2 AVX FMA3 BMI2 AVX2
x265 [warning]: halving the quality when psy-rd is enabled for 444 input. Setting cbQpOffset = 6 and crQpOffset = 6
x265 [info]: Main 4:4:4 profile, Level-8.5 (Main tier)
x265 [info]: Thread pool created using 32 threads
x265 [info]: Slices                              : 1
x265 [info]: frame threads / pool features       : 5 / wpp(23 rows)
x265 [info]: Coding QT: max CU size, min CU size : 64 / 8
x265 [info]: Residual QT: max TU size, max depth : 32 / 1 inter / 1 intra
x265 [info]: ME / range / subpel / merge         : hex / 57 / 2 / 3
x265 [info]: Keyframe min / max / scenecut / bias  : 2 / 24 / 40 / 5.00 
x265 [info]: Cb/Cr QP Offset                     : 6 / 6
x265 [info]: Lookahead / bframes / badapt        : 20 / 4 / 2
x265 [info]: b-pyramid / weightp / weightb       : 1 / 1 / 0
x265 [info]: References / ref-limit  cu / depth  : 3 / off / on
x265 [info]: Rate Control                        : Lossless
x265 [info]: tools: rd=3 psy-rd=2.00 early-skip rskip mode=1 signhide tmvp
x265 [info]: tools: b-intra strong-intra-smoothing lslices=8 deblock sao
Output #0, mov, to '/tmp/pixworker-4090-GWfL65rY/src/benches/native-tch-linux/target/.tmpbFcS6E/encoded.mov':
  Metadata:
    encoder         : Lavf60.16.100
  Stream #0:0: Video: hevc (hvc1 / 0x31637668), yuv444p(tv, progressive), 2560x1440, q=2-31, 23.98 fps, 24k tbn
    Metadata:
      encoder         : Lavc60.31.102 libx265
    Side data:
      cpb: bitrate max/min/avg: 0/0/0 buffer size: 0 vbv_delay: N/A
  Stream #0:1: Audio: pcm_s16le (sowt / 0x74776F73), 44100 Hz, stereo, s16, 1411 kb/s
    Metadata:
      encoder         : Lavc60.31.102 pcm_s16le
frame=    0 fps=0.0 q=0.0 size=       0kB time=00:00:00.00 bitrate=N/A speed=   0x    frame=    2 fps=0.0 q=4.0 size=     512kB time=00:00:01.32 bitrate=3169.2kbits/s speed=   2x    frame=   12 fps= 10 q=4.0 size=    5888kB time=00:00:01.74 bitrate=27697.3kbits/s speed=1.49x    frame=   21 fps= 12 q=4.0 size=   10240kB time=00:00:02.11 bitrate=39699.8kbits/s speed=1.24x    frame=   30 fps= 13 q=4.0 size=   15616kB time=00:00:02.48 bitrate=51489.1kbits/s speed= 1.1x    frame=   36 fps= 13 q=4.0 size=   20480kB time=00:00:02.73 bitrate=61231.8kbits/s speed=0.992x    frame=   43 fps= 13 q=4.0 size=   26112kB time=00:00:03.04 bitrate=70323.1kbits/s speed=0.913x    frame=   50 fps= 13 q=4.0 size=   32512kB time=00:00:03.32 bitrate=80211.5kbits/s speed=0.843x    frame=   54 fps= 12 q=4.0 size=   37632kB time=00:00:03.52 bitrate=87345.9kbits/s speed=0.795x    frame=   62 fps= 12 q=4.0 size=   46080kB time=00:00:03.83 bitrate=98527.5kbits/s speed=0.762x    frame=   67 fps= 12 q=4.0 size=   51712kB time=00:00:04.04 bitrate=104850.6kbits/s speed=0.716x    frame=   88 fps= 14 q=4.0 size=   75520kB time=00:00:04.34 bitrate=142478.4kbits/s speed=0.701x    frame=   89 fps= 11 q=4.0 size=   76800kB time=00:00:04.36 bitrate=144122.6kbits/s speed=0.551x    [out#0/mov @ 0x5bbdbd722240] video:108615kB audio:862kB subtitle:0kB other streams:0kB global headers:2kB muxing overhead: 0.005942%
frame=  120 fps= 12 q=4.0 Lsize=  109484kB time=00:00:04.99 bitrate=179655.6kbits/s speed=0.488x    
x265 [info]: frame I:      6, Avg QP:4.00  kb/s: 189458.99
x265 [info]: frame P:     26, Avg QP:4.00  kb/s: 205898.13
x265 [info]: frame B:     88, Avg QP:4.00  kb/s: 168671.91
x265 [info]: Weighted P-Frames: Y:0.0% UV:0.0%
x265 [info]: consecutive B-frames: 9.4% 9.4% 6.2% 46.9% 28.1% 
x265 [info]: lossless compression ratio 3.98::1

encoded 120 frames in 10.13s (11.85 fps), 177776.96 kb/s, Avg QP:4.00
frames=120 output_bytes=112111612 extract_ms=530.753 session_load_ms=179.658 preprocess_ms=1187.329 infer_sync_readback_ms=15723.394 postprocess_ms=38208.256 png_io_ms=2272.361 archive_publish_ms=10546.230 command_to_file_ms=69008.176
wall_s=69.55 max_rss_kb=2266208
