import: 29.780916ms
prepare (default): 12.471625ms
frame,preprocess_ms,inference_ms,total_ms
1,12.010,23802.985,23814.995
2,13.645,24157.783,24171.428
3,15.271,24572.063,24587.333
4,9.002,24070.766,24079.768
5,12.123,24371.545,24383.668
6,10.149,24266.408,24276.557
7,10.071,24370.793,24380.865
8,16.357,23990.996,24007.354
9,9.417,22328.858,22338.275
10,9.258,22284.026,22293.285
11,8.672,22478.231,22486.903
12,9.149,22715.909,22725.058
13,11.562,23563.037,23574.599
14,9.302,22082.201,22091.503
15,8.860,22523.662,22532.523
16,8.920,22319.473,22328.393
17,8.953,23192.944,23201.897
18,8.949,25873.191,25882.141
19,9.046,22310.219,22319.264
20,9.379,22354.936,22364.316
21,9.152,22129.364,22138.517
22,8.842,22258.561,22267.403
23,8.528,22444.623,22453.152
24,10.056,22365.166,22375.222
25,9.167,22234.756,22243.923
26,9.519,22165.941,22175.460
27,9.592,22154.163,22163.755
28,9.256,22577.131,22586.387
29,9.702,22376.900,22386.602
30,8.941,22042.232,22051.173
31,9.172,22398.706,22407.878
32,9.431,22039.286,22048.718
33,9.206,22076.497,22085.703
34,9.514,22186.270,22195.785
35,9.124,22264.906,22274.030
36,9.510,22300.083,22309.593
37,9.492,22243.797,22253.289
38,9.470,22318.038,22327.509
39,8.985,22106.367,22115.352
40,9.176,22307.264,22316.440
41,9.740,22681.401,22691.141
42,8.901,22809.852,22818.753
43,12.657,23029.337,23041.995
44,11.430,22981.047,22992.477
45,9.412,22273.085,22282.497
46,8.610,22333.368,22341.978
47,9.342,22661.212,22670.554
48,10.505,22553.486,22563.991
49,9.202,24746.894,24756.097
50,11.114,24367.982,24379.096
51,9.284,27722.039,27731.323
52,9.331,24011.219,24020.550
53,10.887,23006.977,23017.865
54,9.831,22284.470,22294.302
55,9.871,22482.419,22492.290
56,10.206,22253.196,22263.402
57,10.116,22167.656,22177.772
58,10.253,22272.371,22282.624
59,9.795,22222.976,22232.771
60,9.932,21984.424,21994.356
61,9.949,22095.894,22105.844
62,10.245,23407.898,23418.143
63,9.272,22879.344,22888.617
64,10.692,22951.108,22961.800
65,9.511,22595.776,22605.287
66,9.279,22021.317,22030.596
67,9.998,22103.367,22113.365
68,10.259,22681.086,22691.345
69,9.523,25118.110,25127.633
70,10.072,22052.635,22062.707
71,10.339,21521.624,21531.963
72,10.036,21950.138,21960.174
73,9.179,22106.648,22115.827
74,9.993,38095.006,38105.000
75,12.091,22197.858,22209.949
76,10.804,21295.075,21305.879
77,9.660,21281.775,21291.436
78,10.279,21269.172,21279.451
79,9.883,21235.903,21245.786
80,9.197,21454.986,21464.183
81,10.168,21587.726,21597.894
82,9.992,21836.421,21846.414
83,20.404,24453.218,24473.622
84,11.308,27380.306,27391.614
85,21.260,40645.564,40666.825
86,9.917,21343.669,21353.586
