import: 31.098875ms
prepare (metal): 68.053292ms
frame,preprocess_ms,inference_ms,total_ms
1,13.353,4451.265,4464.618
2,10.295,4054.588,4064.883
3,11.159,4349.714,4360.873
4,9.576,4247.291,4256.867
5,9.799,3861.328,3871.127
6,9.984,4196.753,4206.737
7,9.927,4253.163,4263.091
8,9.342,4000.556,4009.898
9,9.368,4079.745,4089.114
10,9.434,4206.767,4216.201
11,9.477,3887.179,3896.656
12,9.894,3987.276,3997.170
13,10.990,4239.690,4250.680
14,14.063,4134.001,4148.064
15,9.305,4062.819,4072.124
16,9.591,4169.721,4179.311
17,9.592,4205.579,4215.172
18,10.256,4465.066,4475.322
19,9.789,4493.221,4503.010
20,9.671,3996.333,4006.004
21,9.375,4040.638,4050.012
22,9.768,4434.061,4443.829
23,14.155,4178.090,4192.245
24,10.275,4236.197,4246.472
25,10.187,4205.226,4215.413
26,9.873,4424.646,4434.519
27,9.983,4140.202,4150.185
28,9.508,4017.242,4026.749
29,10.111,4282.547,4292.659
30,9.568,4212.782,4222.350
31,10.027,4087.186,4097.214
32,9.315,4284.304,4293.619
33,9.619,3962.781,3972.400
34,11.211,4026.589,4037.801
35,15.032,4161.437,4176.469
36,9.918,4146.796,4156.715
37,16.025,4022.407,4038.433
38,9.674,4147.428,4157.102
39,15.725,3990.266,4005.991
40,9.537,4196.226,4205.763
41,9.538,4353.165,4362.703
42,12.798,4101.505,4114.304
43,13.040,3923.939,3936.980
44,10.501,4207.188,4217.689
45,11.045,4255.139,4266.184
46,9.263,3948.009,3957.273
47,9.315,4106.485,4115.800
48,9.579,3961.871,3971.450
49,11.355,3997.772,4009.127
50,9.373,4149.960,4159.333
51,10.156,4014.821,4024.977
52,11.147,3993.574,4004.721
53,11.233,4497.237,4508.470
54,11.714,4154.013,4165.727
55,10.168,4379.778,4389.946
56,10.945,3974.593,3985.538
57,15.414,3814.704,3830.118
58,10.272,4298.788,4309.060
59,17.306,4111.835,4129.140
60,9.930,4236.521,4246.451
61,13.424,3987.326,4000.750
62,10.714,4094.901,4105.615
63,10.929,3938.558,3949.487
64,10.389,4028.662,4039.051
65,10.323,3812.184,3822.507
66,10.228,4042.770,4052.998
67,10.113,4366.475,4376.589
68,10.841,4284.847,4295.688
69,9.849,4580.290,4590.140
70,13.397,4667.875,4681.272
71,17.379,3841.148,3858.527
72,13.157,3977.116,3990.273
73,12.885,4327.249,4340.134
74,13.408,4128.172,4141.581
75,14.153,4526.593,4540.746
76,12.847,4234.906,4247.754
77,10.441,4183.229,4193.670
78,11.023,4273.344,4284.367
79,11.547,4395.581,4407.128
80,11.136,4047.688,4058.824
81,10.239,4180.848,4191.087
82,10.409,4020.432,4030.841
83,10.513,4295.520,4306.033
84,10.783,4129.483,4140.267
85,10.547,3929.210,3939.757
86,10.567,4405.748,4416.315
87,10.403,4258.782,4269.185
88,10.635,4151.322,4161.957
89,10.183,4250.480,4260.664
90,11.938,4089.759,4101.697
91,11.317,4399.588,4410.905
92,10.793,4261.169,4271.962
93,10.191,3885.774,3895.965
94,10.208,4038.146,4048.354
95,12.544,4320.346,4332.891
96,14.453,4338.132,4352.585
97,10.600,4076.100,4086.701
98,10.290,3901.983,3912.273
99,10.378,4192.186,4202.565
100,10.586,4144.947,4155.533
101,13.901,4072.376,4086.278
102,11.342,4113.044,4124.386
103,11.078,4277.469,4288.547
104,13.783,4159.832,4173.615
105,12.525,4403.141,4415.666
106,10.330,4300.423,4310.753
107,10.394,4227.957,4238.351
108,11.649,4235.199,4246.848
109,10.202,4431.978,4442.181
110,10.055,4232.971,4243.026
111,10.811,4499.128,4509.939
112,10.304,4105.500,4115.804
113,9.861,4064.856,4074.717
114,10.168,4176.555,4186.724
115,11.339,4127.890,4139.229
116,9.943,4573.077,4583.021
117,19.382,4770.934,4790.316
118,12.183,3880.082,3892.264
119,10.087,3996.732,4006.819
120,10.041,3710.117,3720.158
