session: 71.9475ms
frame,preprocess_ms,inference_ms,total_ms
1,8.895,839.073,847.969
2,9.047,829.917,838.965
3,8.760,855.418,864.179
4,9.688,857.175,866.864
5,8.578,831.716,840.294
6,8.722,843.894,852.616
7,8.543,914.340,922.883
8,8.623,806.361,814.985
9,9.019,773.655,782.674
10,8.888,796.011,804.899
11,8.876,785.560,794.437
12,8.318,765.226,773.545
13,13.167,797.803,810.971
14,8.520,759.240,767.760
15,8.295,780.857,789.153
16,8.232,789.901,798.133
17,8.296,769.843,778.140
18,8.532,830.010,838.543
19,8.429,778.859,787.288
20,8.291,760.287,768.579
21,9.932,787.842,797.774
22,9.136,773.051,782.188
23,8.458,777.188,785.645
24,8.536,793.133,801.669
25,8.439,768.135,776.575
26,10.845,803.197,814.042
27,9.638,811.886,821.524
28,8.415,810.351,818.766
29,11.461,794.799,806.260
30,8.288,755.760,764.048
31,8.424,778.488,786.912
32,9.228,787.533,796.761
33,8.613,752.388,761.001
34,8.553,802.832,811.385
35,11.503,789.263,800.767
36,8.942,779.680,788.622
37,10.063,790.579,800.642
38,8.727,754.375,763.103
39,8.733,769.359,778.092
40,8.734,775.204,783.939
41,8.057,774.362,782.419
42,9.943,816.825,826.768
43,8.021,837.200,845.221
44,7.979,909.864,917.843
45,7.952,828.436,836.388
46,7.985,835.616,843.601
47,7.828,793.713,801.541
48,7.877,774.424,782.301
49,7.885,766.666,774.552
50,8.067,819.201,827.269
51,8.807,763.598,772.405
52,8.239,779.875,788.114
53,8.080,775.853,783.933
54,8.452,849.081,857.533
55,8.462,809.851,818.313
56,9.033,821.167,830.200
57,9.011,837.215,846.227
58,9.115,875.051,884.166
59,9.118,798.554,807.673
60,9.040,814.535,823.575
61,9.445,845.002,854.448
62,11.904,837.930,849.835
63,8.987,879.312,888.299
64,9.019,808.336,817.355
65,9.183,762.047,771.230
66,9.128,798.993,808.122
67,9.321,803.750,813.071
68,9.463,941.695,951.158
69,11.985,852.872,864.857
70,10.765,823.145,833.910
71,13.764,790.681,804.444
72,11.589,823.141,834.731
73,9.216,775.658,784.875
74,9.923,849.187,859.111
75,11.639,841.345,852.984
76,11.690,907.919,919.610
77,13.542,946.405,959.947
78,12.893,893.848,906.741
79,13.352,847.100,860.452
80,11.256,808.459,819.715
81,12.707,773.849,786.556
82,15.204,854.510,869.715
83,10.444,820.188,830.632
84,11.789,807.265,819.055
85,10.556,857.399,867.955
86,10.736,775.623,786.359
87,10.693,807.695,818.388
88,8.637,796.293,804.930
89,8.893,783.803,792.697
90,8.905,819.537,828.442
91,8.681,807.138,815.819
92,8.866,834.080,842.947
93,8.636,804.427,813.063
94,8.575,776.326,784.902
95,8.692,793.283,801.975
96,8.644,867.670,876.314
97,8.675,899.418,908.093
98,8.770,831.031,839.801
99,9.538,776.279,785.818
100,9.187,785.347,794.534
101,9.293,804.289,813.582
102,9.171,803.093,812.265
103,9.455,818.507,827.962
104,9.228,840.169,849.398
105,10.139,772.763,782.903
106,8.901,843.268,852.169
107,10.635,861.073,871.708
108,9.045,762.135,771.180
109,8.997,778.144,787.141
110,9.219,815.396,824.615
111,9.156,824.414,833.571
112,9.144,868.835,877.980
113,9.079,991.057,1000.136
114,9.615,853.213,862.829
115,10.777,837.385,848.163
116,9.817,966.778,976.595
117,8.731,809.247,817.978
118,10.719,803.562,814.281
119,8.100,780.898,788.998
120,8.605,770.660,779.265
