device=Mps intra_op_threads=1 inter_op_threads=1 OMP_NUM_THREADS=1 MKL_NUM_THREADS=1 PYTORCH_ENABLE_MPS_FALLBACK=0
loaded 53 FP32 tensors, 18 conv + 17 PReLU, device=Mps
warmup_frame=0 inference_sync_readback_ms=201.614
frame=0 shape=[1, 3, 2880, 5120] float_mse=1.914358332098e-15 max_abs=1.728534698486e-6 psnr_0_1_db=147.180
frame,preprocess_ms,inference_sync_readback_ms,total_ms
1,9.638,111.699,121.337
2,10.636,110.708,121.344
3,9.689,111.083,120.773
4,10.946,110.635,121.581
5,12.683,111.301,123.983
6,10.152,111.381,121.533
7,12.174,112.707,124.881
8,12.771,113.641,126.412
9,12.371,114.994,127.366
10,9.760,112.960,122.721
11,10.318,112.046,122.364
12,9.457,112.630,122.088
13,9.604,111.718,121.322
14,14.570,116.856,131.427
15,10.418,111.492,121.910
16,10.734,115.676,126.410
17,11.001,111.512,122.512
18,10.314,110.996,121.310
19,10.179,110.164,120.343
20,10.292,109.996,120.288
21,10.400,110.099,120.500
22,10.772,110.045,120.817
23,10.755,109.989,120.744
24,10.257,110.339,120.596
25,10.816,110.010,120.826
26,10.400,110.293,120.694
27,11.112,110.255,121.367
28,10.035,110.096,120.131
29,10.159,110.151,120.311
30,11.372,110.240,121.612
31,10.573,110.080,120.653
32,10.908,110.360,121.268
33,10.386,110.241,120.627
34,10.201,110.163,120.364
35,10.332,110.302,120.634
36,10.411,110.528,120.939
37,9.913,110.704,120.616
38,9.707,110.072,119.779
39,11.522,110.163,121.685
40,10.964,110.061,121.025
41,11.686,109.993,121.680
42,10.915,110.150,121.066
43,9.684,110.189,119.874
44,10.607,110.103,120.710
45,10.529,110.300,120.829
46,10.766,110.064,120.830
47,10.557,110.034,120.592
48,11.338,110.081,121.419
49,11.690,110.239,121.930
50,10.746,110.241,120.987
51,11.248,110.285,121.533
52,12.100,110.024,122.125
53,11.698,110.073,121.771
54,11.905,112.752,124.657
55,11.741,110.352,122.093
56,10.620,110.372,120.992
57,11.435,110.388,121.823
58,10.544,110.207,120.751
59,11.154,110.883,122.037
60,11.087,110.392,121.479
61,11.555,110.850,122.406
62,11.537,110.918,122.455
63,11.851,111.038,122.888
64,12.202,110.739,122.942
65,11.361,110.606,121.967
66,12.590,110.726,123.317
67,11.896,110.566,122.462
68,12.675,112.324,124.999
69,12.908,110.295,123.203
70,11.534,112.063,123.597
71,12.071,110.701,122.772
72,12.771,112.842,125.614
73,11.783,110.222,122.005
74,12.631,110.322,122.953
75,12.786,112.758,125.544
76,11.787,111.805,123.592
77,12.028,113.132,125.160
78,11.530,110.291,121.822
79,11.442,110.193,121.635
80,12.172,114.631,126.803
81,13.596,110.287,123.883
82,12.069,110.341,122.410
83,12.100,110.712,122.812
84,12.519,110.441,122.961
85,12.843,110.308,123.151
86,15.065,110.331,125.396
87,12.875,110.241,123.117
88,13.072,110.303,123.375
89,12.932,110.197,123.130
90,12.976,110.118,123.094
91,13.632,110.356,123.988
92,13.467,110.650,124.117
93,13.539,110.367,123.906
94,12.829,110.642,123.471
95,13.252,110.344,123.596
96,11.980,110.334,122.314
97,11.562,110.325,121.887
98,12.106,110.220,122.326
99,12.005,110.480,122.485
100,11.028,110.719,121.747
101,12.000,110.903,122.904
102,11.671,110.733,122.404
103,12.837,110.448,123.285
104,12.514,110.348,122.862
105,13.404,110.336,123.740
106,13.799,110.224,124.023
107,12.554,110.399,122.954
108,13.123,110.389,123.512
109,12.093,110.301,122.394
110,13.287,110.375,123.662
111,14.262,110.912,125.175
112,13.457,111.663,125.120
113,13.915,113.271,127.187
114,12.915,110.546,123.461
115,12.612,110.526,123.138
116,12.835,110.461,123.296
117,12.282,111.694,123.976
118,11.246,110.443,121.689
119,11.387,114.052,125.439
120,11.692,110.304,121.996
