session: 239.845583ms
frame,preprocess_ms,inference_ms,total_ms
1,8.670,840.830,849.500
2,8.825,767.897,776.723
3,8.889,748.954,757.843
4,8.965,746.618,755.583
5,8.412,771.426,779.838
6,8.465,784.052,792.517
7,8.598,775.239,783.837
8,8.911,767.544,776.455
9,8.441,757.442,765.884
10,8.334,760.332,768.666
11,8.312,756.753,765.066
12,8.362,754.867,763.229
13,8.233,762.157,770.390
14,8.418,759.156,767.574
15,8.357,759.960,768.318
16,8.347,763.925,772.273
17,8.302,758.305,766.607
18,9.191,767.335,776.526
19,8.271,758.744,767.016
20,8.369,752.395,760.764
21,8.267,762.561,770.828
22,8.277,749.488,757.766
23,8.392,749.844,758.236
24,8.462,755.404,763.867
25,8.497,746.641,755.138
26,8.371,742.665,751.037
27,8.320,747.739,756.059
28,8.909,774.936,783.845
29,8.366,774.956,783.323
30,8.307,754.354,762.662
31,8.971,747.088,756.059
32,8.463,749.031,757.494
33,8.527,789.906,798.433
34,8.416,795.252,803.669
35,8.678,873.878,882.556
36,8.559,744.771,753.330
37,8.515,752.016,760.532
38,8.598,753.998,762.596
39,8.503,756.884,765.387
40,8.458,756.628,765.086
41,8.558,752.119,760.678
42,10.037,736.491,746.528
43,8.214,727.899,736.113
44,8.703,726.290,734.993
45,8.797,726.260,735.057
46,8.712,735.129,743.842
47,8.607,726.942,735.549
48,8.596,739.070,747.666
49,8.900,728.349,737.249
50,8.353,726.851,735.204
51,9.401,728.523,737.924
52,8.989,738.207,747.197
53,8.908,754.242,763.150
54,8.662,766.751,775.413
55,8.874,762.810,771.685
56,9.829,756.682,766.511
57,9.640,750.669,760.309
58,9.406,754.971,764.378
59,9.570,750.859,760.429
60,9.694,741.992,751.686
61,9.251,771.545,780.796
62,9.944,756.319,766.264
63,9.049,730.511,739.559
64,9.204,726.408,735.612
65,9.306,726.134,735.441
66,9.407,746.674,756.082
67,9.481,769.423,778.904
68,10.090,734.652,744.743
69,9.387,733.812,743.200
70,9.534,734.525,744.060
71,9.514,727.755,737.270
72,9.402,726.216,735.618
73,9.324,730.125,739.449
74,9.577,733.727,743.305
75,9.583,733.259,742.841
76,9.425,753.966,763.391
77,9.249,807.678,816.928
78,9.250,803.417,812.667
79,9.040,782.896,791.937
80,10.647,781.356,792.004
81,9.868,770.117,779.985
82,9.973,785.685,795.658
83,9.933,856.952,866.885
84,10.923,917.140,928.064
85,9.302,793.924,803.226
86,9.279,783.516,792.795
87,9.728,779.881,789.609
88,9.868,767.456,777.324
89,9.949,781.897,791.847
90,9.848,771.466,781.314
91,9.627,763.284,772.912
92,10.003,758.586,768.589
93,9.312,761.627,770.939
94,9.882,779.477,789.360
95,9.200,776.021,785.221
96,9.893,754.585,764.478
97,9.764,755.759,765.523
98,9.808,765.221,775.030
99,9.937,739.465,749.402
100,9.786,741.767,751.553
101,9.303,745.448,754.752
102,9.713,747.793,757.506
103,9.442,755.400,764.843
104,9.805,744.169,753.974
105,9.656,740.916,750.572
106,9.509,747.305,756.813
107,9.704,735.597,745.301
108,9.355,775.205,784.561
109,9.415,753.909,763.325
110,9.591,727.016,736.607
111,9.395,753.962,763.357
112,9.606,745.484,755.090
113,9.448,748.444,757.892
114,9.584,742.078,751.661
115,9.215,729.533,738.749
116,9.669,739.194,748.864
117,9.419,733.405,742.824
118,9.245,729.157,738.403
119,9.279,813.289,822.569
120,8.543,796.829,805.373
