device=Cpu intra_op_threads=1 inter_op_threads=1 OMP_NUM_THREADS=1 MKL_NUM_THREADS=1 PYTORCH_ENABLE_MPS_FALLBACK=0
loaded 53 FP32 tensors, 18 conv + 17 PReLU, device=Cpu
warmup_frame=0 inference_sync_readback_ms=2626.538
frame=0 shape=[1, 3, 2880, 5120] float_mse=4.958274460668e-15 max_abs=1.579523086548e-6 psnr_0_1_db=143.047
frame,preprocess_ms,inference_sync_readback_ms,total_ms
1,8.310,2431.429,2439.740
2,8.633,2693.203,2701.836
3,10.052,2642.859,2652.911
4,9.720,2507.743,2517.463
5,9.565,2409.411,2418.976
6,8.990,2733.291,2742.282
7,12.320,2759.343,2771.663
8,9.175,2623.425,2632.599
9,9.751,2544.152,2553.903
10,8.191,2673.170,2681.361
11,9.067,2382.934,2392.002
12,9.083,2564.474,2573.557
13,9.574,2486.100,2495.674
14,9.704,2449.646,2459.350
15,8.387,2437.106,2445.493
16,9.647,2692.864,2702.511
17,11.774,2314.999,2326.773
18,11.738,2316.481,2328.219
19,8.649,2496.731,2505.380
20,9.961,2592.225,2602.186
21,10.506,2491.353,2501.859
22,8.661,2416.852,2425.513
23,8.685,2379.798,2388.484
24,11.116,2400.317,2411.434
25,11.402,2674.244,2685.646
26,11.623,2573.233,2584.855
27,13.393,2564.078,2577.471
28,13.104,2461.666,2474.771
29,12.052,2564.100,2576.152
30,12.747,2372.030,2384.777
31,12.506,2747.397,2759.904
32,10.639,2527.641,2538.280
33,12.988,2520.270,2533.258
34,11.758,2492.173,2503.930
35,11.214,2444.425,2455.640
36,10.592,2607.112,2617.705
37,14.153,2802.666,2816.819
38,14.100,2502.600,2516.701
39,11.340,2486.759,2498.100
40,13.179,2491.700,2504.879
41,13.672,2430.411,2444.083
42,11.673,2717.287,2728.961
43,12.195,2392.690,2404.885
44,11.305,2331.490,2342.795
45,11.428,2422.484,2433.913
46,12.107,2431.294,2443.401
47,11.984,2411.944,2423.929
48,11.598,2406.817,2418.415
49,11.653,2530.204,2541.857
50,12.286,2428.905,2441.191
51,13.099,2478.827,2491.927
52,13.192,2551.144,2564.337
53,16.122,2426.022,2442.144
54,12.577,2352.710,2365.287
55,12.025,2514.457,2526.482
56,14.768,2583.666,2598.433
57,12.794,2610.698,2623.492
58,12.355,2491.351,2503.706
59,12.034,2365.058,2377.093
60,12.632,2391.252,2403.884
61,12.475,2451.213,2463.688
62,12.766,2410.426,2423.192
63,13.094,2339.131,2352.225
64,14.021,2370.940,2384.961
65,12.512,2380.097,2392.609
66,11.816,2384.040,2395.856
67,12.860,2385.134,2397.995
68,11.936,2422.483,2434.419
69,13.880,2366.693,2380.573
70,13.196,2364.561,2377.757
71,13.570,2606.605,2620.175
72,11.661,2442.539,2454.201
73,13.740,2460.461,2474.201
74,11.982,2474.075,2486.058
75,15.060,2393.426,2408.486
76,12.988,2505.454,2518.442
77,14.289,2487.091,2501.380
78,13.083,2434.473,2447.556
79,12.018,2504.313,2516.339
80,16.787,2429.423,2446.210
81,12.442,2318.821,2331.264
82,11.547,2342.438,2353.985
83,12.665,2355.589,2368.254
84,12.937,2418.659,2431.597
85,12.768,2494.381,2507.150
86,13.648,2476.612,2490.260
87,15.162,2449.173,2464.335
88,12.634,2306.983,2319.617
89,13.224,2404.489,2417.713
90,12.182,2398.732,2410.914
91,12.773,2515.122,2527.895
92,12.533,2604.781,2617.315
93,12.336,2511.460,2523.797
94,12.896,2397.989,2410.885
95,13.473,2464.295,2477.768
96,12.607,2443.120,2455.727
97,12.556,2701.252,2713.809
98,18.165,2796.172,2814.338
99,12.752,2424.919,2437.671
100,12.387,2356.922,2369.309
101,12.331,2482.920,2495.251
102,12.593,2435.597,2448.191
103,12.201,2446.248,2458.450
104,12.038,2401.565,2413.604
105,13.722,2331.413,2345.135
106,12.236,2389.586,2401.823
107,11.936,2474.712,2486.648
108,12.600,2514.091,2526.691
109,16.345,2511.035,2527.381
110,15.087,2413.861,2428.948
111,16.981,2496.868,2513.849
112,12.687,2471.353,2484.040
113,15.944,2407.883,2423.828
114,13.189,2483.797,2496.986
115,13.257,2656.719,2669.976
116,14.399,2644.939,2659.339
117,11.990,2447.846,2459.836
118,11.842,2329.648,2341.490
119,11.227,2318.930,2330.158
120,12.074,2333.459,2345.536
