frame,preprocess_ms,inference_ms,total_ms
1,10.436,837.673,861.719
2,9.526,837.123,860.383
3,9.443,837.809,860.995
4,9.374,848.143,871.106
5,9.407,845.448,868.719
6,8.838,837.716,861.100
7,9.473,833.011,856.152
8,9.372,836.497,859.415
9,9.207,835.340,859.144
10,9.390,835.969,859.159
11,9.390,834.293,857.254
12,9.400,833.441,856.285
13,9.411,836.271,859.514
14,9.267,834.337,856.896
15,8.799,834.201,857.196
16,9.446,835.454,858.966
17,9.257,834.536,857.969
18,9.349,833.228,855.832
19,8.672,835.037,856.513
20,9.121,833.836,856.843
21,10.711,839.811,864.166
22,8.247,864.901,888.190
23,8.801,853.279,876.594
24,9.365,833.272,858.081
25,9.639,833.488,860.823
26,10.574,834.255,858.110
27,9.281,834.505,857.566
28,8.608,833.784,861.655
29,11.360,836.349,860.990
30,9.453,836.779,861.088
31,9.450,838.094,861.351
32,9.572,835.911,858.945
33,9.149,837.031,859.891
34,9.317,837.873,860.756
35,9.054,836.546,859.120
36,9.540,837.721,860.883
37,9.589,837.855,860.983
38,9.825,838.929,863.136
39,8.914,835.309,857.460
40,9.219,836.791,860.335
41,8.633,837.000,858.909
42,9.325,834.460,858.808
43,10.063,840.325,869.584
44,10.546,848.253,873.221
45,9.684,834.952,858.292
46,9.332,838.223,864.628
47,9.817,834.889,858.464
48,9.448,835.747,860.486
49,9.685,837.043,863.274
50,10.557,852.103,876.087
51,9.255,891.397,914.367
52,9.357,924.744,947.728
53,9.274,873.196,895.700
54,10.027,844.030,867.468
55,9.322,847.025,869.957
56,10.266,840.095,864.242
57,10.186,842.068,865.988
58,9.318,848.257,871.107
59,10.180,843.630,866.916
60,10.770,867.024,891.433
61,10.625,851.821,876.846
62,11.131,846.656,871.395
63,11.524,849.905,875.075
64,11.526,845.308,870.447
65,11.853,838.545,863.849
66,11.810,839.406,864.711
67,11.466,842.122,867.221
68,11.948,839.679,865.151
69,11.926,843.644,868.717
70,12.418,844.581,870.690
71,11.312,839.427,864.762
72,12.041,838.828,864.891
73,11.218,851.571,876.524
74,11.446,859.128,885.609
75,12.632,859.388,885.853
76,11.884,841.385,867.023
77,12.549,840.638,866.742
78,11.058,839.127,863.749
79,11.083,838.966,863.872
80,11.087,839.385,863.928
81,11.967,838.422,863.997
82,10.315,839.102,862.938
83,10.818,841.867,866.350
84,10.969,841.403,866.042
85,11.393,840.468,865.435
86,11.187,841.282,866.004
87,11.480,845.274,870.481
88,11.784,838.548,863.950
89,10.580,842.094,865.726
90,10.679,845.019,869.258
91,10.610,842.058,866.149
92,11.607,844.233,869.150
93,11.119,843.008,867.636
94,10.922,842.262,866.644
95,11.124,840.531,865.575
96,11.178,843.570,867.859
97,11.208,843.377,868.084
98,11.265,846.098,870.958
99,12.086,849.762,875.436
100,11.552,845.144,870.306
101,11.106,845.205,869.713
102,11.117,842.237,866.634
103,10.524,841.701,865.707
104,10.300,842.270,865.968
105,10.231,841.542,864.999
106,10.307,844.259,868.000
107,10.362,841.405,865.258
108,10.271,841.157,864.565
109,10.393,841.829,865.926
110,10.671,844.041,869.120
111,10.545,842.083,866.935
112,10.358,840.212,865.503
113,10.506,840.834,865.780
114,10.044,838.148,862.728
115,11.500,837.032,861.345
116,10.665,843.034,868.822
117,10.481,841.266,865.399
118,9.585,843.832,868.159
119,11.407,842.637,868.428
120,10.026,844.745,869.302
