device=Mps intra_op_threads=1 inter_op_threads=1 OMP_NUM_THREADS=1 MKL_NUM_THREADS=1 PYTORCH_ENABLE_MPS_FALLBACK=0
loaded 53 FP32 tensors, 18 conv + 17 PReLU, device=Mps
warmup_frame=0 inference_sync_readback_ms=218.928
frame=0 shape=[1, 3, 2880, 5120] float_mse=1.914358332098e-15 max_abs=1.728534698486e-6 psnr_0_1_db=147.180
frame,preprocess_ms,inference_sync_readback_ms,total_ms
1,9.278,119.073,128.351
2,10.250,124.505,134.755
3,9.942,132.959,142.901
4,11.170,143.104,154.275
5,11.147,146.486,157.633
6,11.488,140.644,152.133
7,11.130,137.350,148.480
8,11.717,132.680,144.397
9,10.439,136.590,147.029
10,12.247,139.162,151.408
11,11.704,139.280,150.984
12,11.906,140.332,152.238
13,13.121,138.939,152.060
14,10.876,139.018,149.894
15,11.379,136.844,148.224
16,12.393,138.009,150.403
17,12.867,143.716,156.584
18,14.523,143.356,157.879
19,17.026,137.327,154.354
20,13.299,131.313,144.612
21,12.160,129.779,141.939
22,10.945,130.273,141.218
23,10.144,130.000,140.144
24,9.896,129.322,139.218
25,9.228,134.508,143.736
26,9.101,141.013,150.114
27,9.298,147.009,156.307
28,9.481,154.102,163.584
29,10.349,141.009,151.358
30,12.655,142.733,155.388
31,12.015,139.800,151.815
32,11.229,136.136,147.365
33,11.327,137.331,148.658
34,10.953,137.733,148.686
35,11.768,139.580,151.348
36,13.508,140.010,153.519
37,13.105,137.653,150.758
38,12.370,132.308,144.678
39,10.842,129.634,140.477
40,9.441,127.180,136.622
41,8.895,126.854,135.749
42,9.543,128.781,138.325
43,9.836,134.841,144.677
44,9.413,147.659,157.072
45,9.851,150.408,160.259
46,9.421,136.050,145.472
47,10.129,131.808,141.937
48,11.005,140.608,151.613
49,12.995,146.418,159.413
50,12.868,138.330,151.199
51,13.225,141.420,154.646
52,16.229,143.108,159.337
53,15.794,136.512,152.306
54,14.378,134.743,149.121
55,16.234,134.909,151.143
56,14.289,134.971,149.260
57,14.162,132.208,146.370
58,12.993,135.038,148.032
59,11.289,137.418,148.707
60,11.868,134.128,145.996
61,12.023,132.261,144.284
62,11.918,133.115,145.033
63,12.409,138.335,150.744
64,13.420,139.492,152.912
65,14.908,143.067,157.975
66,16.563,149.053,165.617
67,16.460,145.544,162.004
68,17.163,135.385,152.548
69,15.844,132.598,148.442
70,15.525,135.243,150.769
71,13.937,143.976,157.913
72,16.574,143.263,159.837
73,17.604,142.937,160.541
74,19.618,139.784,159.402
75,18.622,139.226,157.848
76,15.621,131.748,147.369
77,13.407,135.077,148.484
78,16.134,135.690,151.825
79,13.969,141.012,154.982
80,17.789,140.018,157.807
81,19.002,144.741,163.743
82,18.300,142.921,161.221
83,20.128,137.839,157.968
84,19.744,145.683,165.427
85,34.004,143.131,177.136
86,31.168,138.617,169.786
87,22.863,134.770,157.634
88,21.872,133.353,155.226
89,18.637,136.579,155.216
90,17.814,144.083,161.897
91,17.734,133.842,151.576
92,18.829,133.887,152.716
93,16.254,133.344,149.599
94,16.487,132.898,149.385
95,14.499,134.590,149.090
96,14.189,138.389,152.579
97,16.257,146.326,162.584
98,18.571,140.391,158.962
99,16.199,138.428,154.627
100,18.576,135.353,153.929
101,15.374,134.195,149.569
102,15.295,132.929,148.224
103,14.211,133.150,147.362
104,14.657,135.047,149.705
105,15.046,136.751,151.797
106,12.919,138.128,151.047
107,16.577,144.380,160.957
108,19.884,147.542,167.426
109,18.533,140.884,159.417
110,18.331,139.005,157.336
111,16.724,134.347,151.070
112,15.538,136.984,152.522
113,18.562,136.237,154.799
114,18.247,141.505,159.752
115,15.731,139.976,155.707
116,15.517,137.495,153.012
117,13.655,134.834,148.489
118,14.907,134.968,149.876
119,14.186,137.177,151.364
120,13.946,139.390,153.336
