[mvk-info] MoltenVK version 1.4.2, supporting Vulkan version 1.4.357.
	The following 154 Vulkan extensions are supported:
	VK_KHR_16bit_storage v1
	VK_KHR_8bit_storage v1
	VK_KHR_bind_memory2 v1
	VK_KHR_buffer_device_address v1
	VK_KHR_calibrated_timestamps v1
	VK_KHR_copy_commands2 v1
	VK_KHR_create_renderpass2 v1
	VK_KHR_dedicated_allocation v3
	VK_KHR_deferred_host_operations v4
	VK_KHR_depth_stencil_resolve v1
	VK_KHR_descriptor_update_template v1
	VK_KHR_device_group v4
	VK_KHR_device_group_creation v1
	VK_KHR_driver_properties v1
	VK_KHR_dynamic_rendering v1
	VK_KHR_dynamic_rendering_local_read v1
	VK_KHR_external_fence v1
	VK_KHR_external_fence_capabilities v1
	VK_KHR_external_memory v1
	VK_KHR_external_memory_capabilities v1
	VK_KHR_external_semaphore v1
	VK_KHR_external_semaphore_capabilities v1
	VK_KHR_format_feature_flags2 v2
	VK_KHR_fragment_shader_barycentric v1
	VK_KHR_get_memory_requirements2 v1
	VK_KHR_get_physical_device_properties2 v2
	VK_KHR_get_surface_capabilities2 v1
	VK_KHR_global_priority v1
	VK_KHR_image_format_list v1
	VK_KHR_imageless_framebuffer v1
	VK_KHR_incremental_present v2
	VK_KHR_index_type_uint8 v1
	VK_KHR_line_rasterization v1
	VK_KHR_load_store_op_none v1
	VK_KHR_maintenance1 v2
	VK_KHR_maintenance2 v1
	VK_KHR_maintenance3 v1
	VK_KHR_maintenance4 v2
	VK_KHR_maintenance5 v1
	VK_KHR_maintenance6 v1
	VK_KHR_maintenance7 v1
	VK_KHR_maintenance8 v1
	VK_KHR_maintenance9 v1
	VK_KHR_map_memory2 v1
	VK_KHR_multiview v1
	VK_KHR_portability_subset v1
	VK_KHR_present_id v1
	VK_KHR_present_id2 v1
	VK_KHR_present_wait v1
	VK_KHR_present_wait2 v1
	VK_KHR_push_descriptor v2
	VK_KHR_relaxed_block_layout v1
	VK_KHR_robustness2 v1
	VK_KHR_sampler_mirror_clamp_to_edge v3
	VK_KHR_sampler_ycbcr_conversion v14
	VK_KHR_separate_depth_stencil_layouts v1
	VK_KHR_shader_draw_parameters v1
	VK_KHR_shader_expect_assume v1
	VK_KHR_shader_float_controls v4
	VK_KHR_shader_float_controls2 v1
	VK_KHR_shader_float16_int8 v1
	VK_KHR_shader_fma v1
	VK_KHR_shader_integer_dot_product v1
	VK_KHR_shader_maximal_reconvergence v1
	VK_KHR_shader_non_semantic_info v1
	VK_KHR_shader_quad_control v1
	VK_KHR_shader_relaxed_extended_instruction v1
	VK_KHR_shader_subgroup_extended_types v1
	VK_KHR_shader_subgroup_rotate v2
	VK_KHR_shader_subgroup_uniform_control_flow v1
	VK_KHR_shader_terminate_invocation v1
	VK_KHR_spirv_1_4 v1
	VK_KHR_storage_buffer_storage_class v1
	VK_KHR_surface v25
	VK_KHR_surface_maintenance1 v1
	VK_KHR_surface_protected_capabilities v1
	VK_KHR_swapchain v70
	VK_KHR_swapchain_maintenance1 v1
	VK_KHR_swapchain_mutable_format v1
	VK_KHR_synchronization2 v1
	VK_KHR_timeline_semaphore v2
	VK_KHR_uniform_buffer_standard_layout v1
	VK_KHR_variable_pointers v1
	VK_KHR_vertex_attribute_divisor v1
	VK_KHR_vulkan_memory_model v3
	VK_KHR_zero_initialize_workgroup_memory v1
	VK_EXT_4444_formats v1
	VK_EXT_buffer_device_address v2
	VK_EXT_calibrated_timestamps v2
	VK_EXT_debug_marker v4
	VK_EXT_debug_report v10
	VK_EXT_debug_utils v2
	VK_EXT_depth_clip_control v1
	VK_EXT_descriptor_indexing v2
	VK_EXT_extended_dynamic_state v1
	VK_EXT_extended_dynamic_state2 v1
	VK_EXT_extended_dynamic_state3 v2
	VK_EXT_external_memory_host v1
	VK_EXT_external_memory_metal v1
	VK_EXT_fragment_shader_interlock v1
	VK_EXT_global_priority v2
	VK_EXT_global_priority_query v1
	VK_EXT_hdr_metadata v3
	VK_EXT_headless_surface v1
	VK_EXT_host_image_copy v1
	VK_EXT_host_query_reset v1
	VK_EXT_image_2d_view_of_3d v1
	VK_EXT_image_robustness v1
	VK_EXT_index_type_uint8 v1
	VK_EXT_inline_uniform_block v1
	VK_EXT_layer_settings v2
	VK_EXT_legacy_dithering v2
	VK_EXT_line_rasterization v1
	VK_EXT_load_store_op_none v1
	VK_EXT_memory_budget v1
	VK_EXT_metal_objects v2
	VK_EXT_metal_surface v1
	VK_EXT_non_seamless_cube_map v1
	VK_EXT_pipeline_creation_cache_control v3
	VK_EXT_pipeline_creation_feedback v1
	VK_EXT_pipeline_robustness v1
	VK_EXT_post_depth_coverage v1
	VK_EXT_primitive_topology_list_restart v1
	VK_EXT_private_data v1
	VK_EXT_provoking_vertex v1
	VK_EXT_robustness2 v1
	VK_EXT_sample_locations v1
	VK_EXT_sampler_filter_minmax v2
	VK_EXT_scalar_block_layout v1
	VK_EXT_separate_stencil_usage v1
	VK_EXT_shader_atomic_float v1
	VK_EXT_shader_demote_to_helper_invocation v1
	VK_EXT_shader_stencil_export v1
	VK_EXT_shader_subgroup_ballot v1
	VK_EXT_shader_subgroup_vote v1
	VK_EXT_shader_viewport_index_layer v1
	VK_EXT_subgroup_size_control v2
	VK_EXT_surface_maintenance1 v1
	VK_EXT_swapchain_colorspace v5
	VK_EXT_swapchain_maintenance1 v1
	VK_EXT_texel_buffer_alignment v1
	VK_EXT_texture_compression_astc_hdr v1
	VK_EXT_tooling_info v1
	VK_EXT_vertex_attribute_divisor v3
	VK_AMD_gpu_shader_half_float v2
	VK_AMD_negative_viewport_height v1
	VK_AMD_shader_image_load_store_lod v1
	VK_AMD_shader_trinary_minmax v1
	VK_GOOGLE_display_timing v1
	VK_IMG_format_pvrtc v1
	VK_INTEL_shader_integer_functions2 v1
	VK_MVK_macos_surface v3
	VK_MVK_moltenvk v37
	VK_NV_fragment_shader_barycentric v1
[mvk-info] GPU device:
	model: Apple M3 Max
	type: Integrated
	vendorID: 0x106b
	deviceID: 0x1a060209
	pipelineCacheUUID: DB660224-1A06-0209-0000-000100000000
	GPU memory available: 110100 MB
	GPU memory used: 0 MB
	Metal Shading Language 4.0
	supports the following GPU Features:
		GPU Family Metal 4
		GPU Family Apple 9
		GPU Family Mac 1
		GPU Family Mac 2
		Read-Write Texture Tier 2
[mvk-info] Created VkInstance for Vulkan version 1.4.357, as requested by app, with the following 5 Vulkan extensions enabled:
	VK_KHR_device_group_creation v1
	VK_KHR_external_memory_capabilities v1
	VK_KHR_get_physical_device_properties2 v2
	VK_KHR_get_surface_capabilities2 v1
	VK_KHR_surface v25
[0 Apple M3 Max]  queueC=0[1]  queueT=0[1]  rebar=1  r-score=10
[0 Apple M3 Max]  fp16-p/s/u/a=1/1/1/1  int8-p/s/u/a=1/1/1/1  bf16-p/s=1/0
[0 Apple M3 Max]  subgroup=32(4~32)  ops=1/1/1/1/1/1/1/1/1/1
[0 Apple M3 Max]  fp16-cm=0  int8-cm=0  bf16-cm=0  fp8-cm=0
[mvk-info] Vulkan semaphores using MTLEvent.
[mvk-info] Descriptor sets binding resources using Metal3 argument buffers.
[mvk-info] Created VkDevice to run on GPU Apple M3 Max with the following 35 Vulkan extensions enabled:
	VK_KHR_16bit_storage v1
	VK_KHR_8bit_storage v1
	VK_KHR_bind_memory2 v1
	VK_KHR_buffer_device_address v1
	VK_KHR_create_renderpass2 v1
	VK_KHR_dedicated_allocation v3
	VK_KHR_descriptor_update_template v1
	VK_KHR_device_group v4
	VK_KHR_driver_properties v1
	VK_KHR_external_memory v1
	VK_KHR_get_memory_requirements2 v1
	VK_KHR_maintenance1 v2
	VK_KHR_maintenance2 v1
	VK_KHR_maintenance3 v1
	VK_KHR_multiview v1
	VK_KHR_portability_subset v1
	VK_KHR_push_descriptor v2
	VK_KHR_robustness2 v1
	VK_KHR_sampler_ycbcr_conversion v14
	VK_KHR_shader_float_controls v4
	VK_KHR_shader_float_controls2 v1
	VK_KHR_shader_float16_int8 v1
	VK_KHR_shader_integer_dot_product v1
	VK_KHR_shader_non_semantic_info v1
	VK_KHR_shader_subgroup_extended_types v1
	VK_KHR_shader_subgroup_rotate v2
	VK_KHR_storage_buffer_storage_class v1
	VK_KHR_swapchain v70
	VK_KHR_vulkan_memory_model v3
	VK_KHR_zero_initialize_workgroup_memory v1
	VK_EXT_descriptor_indexing v2
	VK_EXT_external_memory_host v1
	VK_EXT_memory_budget v1
	VK_EXT_shader_atomic_float v1
	VK_EXT_subgroup_size_control v2
ncnn=1.0.20260526 backend=Vulkan fp16=off input_blob=0 output_blob=40
warmup_frame=0 total_ms=432.251
float_mse=2.025600264557e-15 max_abs=1.609325408936e-6 psnr_0_1_db=146.934
frame,preprocess_ms,inference_sync_readback_ms,total_ms
1,10.683,307.080,317.763
2,8.496,297.600,306.096
3,6.250,302.748,308.998
4,8.477,309.212,317.689
5,8.420,302.383,310.803
6,6.919,298.720,305.638
7,10.194,300.674,310.868
8,10.840,300.704,311.543
9,6.523,304.052,310.575
10,9.281,307.551,316.832
11,11.856,311.329,323.186
12,10.621,310.356,320.977
13,10.354,306.619,316.974
14,8.895,301.400,310.295
15,9.905,303.139,313.043
16,8.900,303.682,312.582
17,8.399,301.273,309.673
18,9.451,298.945,308.396
19,6.207,300.819,307.027
20,7.976,305.376,313.352
21,8.474,297.533,306.007
22,8.609,297.006,305.616
23,6.250,298.704,304.954
24,10.101,301.306,311.407
25,5.937,299.388,305.326
26,7.025,296.920,303.945
27,6.520,300.065,306.585
28,7.292,295.547,302.839
29,7.965,297.228,305.193
30,6.337,297.034,303.371
31,8.676,300.849,309.525
32,8.397,299.937,308.334
33,7.177,300.475,307.653
34,5.949,299.635,305.585
35,6.116,295.264,301.380
36,6.821,300.515,307.336
37,6.411,301.494,307.905
38,6.156,297.484,303.640
39,6.052,300.736,306.788
40,10.557,296.387,306.944
41,11.583,297.092,308.675
42,10.835,297.680,308.515
43,7.455,301.560,309.015
44,10.208,297.293,307.501
45,7.869,300.267,308.135
46,8.094,298.133,306.227
47,11.839,295.951,307.790
48,8.655,297.269,305.924
49,6.088,298.811,304.900
50,6.714,301.601,308.316
51,7.104,295.807,302.912
52,6.540,298.535,305.075
53,6.724,303.072,309.796
54,7.090,299.124,306.214
55,6.664,298.769,305.433
56,17.023,298.287,315.310
57,16.790,298.143,314.933
58,14.043,301.205,315.249
59,11.642,298.902,310.544
60,11.372,299.458,310.830
61,9.462,297.920,307.383
62,6.927,296.661,303.588
63,12.947,299.875,312.823
64,11.567,302.330,313.896
65,6.798,298.277,305.075
66,6.852,294.966,301.818
67,6.625,295.549,302.174
68,15.248,296.407,311.655
69,10.126,302.079,312.205
70,12.555,295.816,308.371
71,14.667,297.974,312.641
72,13.207,301.417,314.625
73,11.598,295.376,306.974
74,6.695,300.845,307.540
75,7.202,298.229,305.431
76,7.837,296.917,304.754
77,6.932,301.379,308.312
78,7.088,298.055,305.144
79,8.622,301.494,310.116
80,7.531,297.536,305.066
81,7.649,300.355,308.004
82,6.909,296.841,303.751
83,8.294,299.099,307.392
84,6.967,302.225,309.193
85,7.655,296.431,304.087
86,6.899,296.548,303.448
87,8.035,299.490,307.525
88,7.377,296.388,303.766
89,6.865,296.302,303.167
90,7.723,295.730,303.453
91,6.732,301.000,307.732
92,7.039,296.132,303.171
93,6.925,299.264,306.188
94,7.238,299.913,307.151
95,6.904,298.093,304.997
96,7.388,298.904,306.292
97,6.843,301.824,308.667
98,7.501,301.548,309.049
99,6.962,299.677,306.639
100,7.049,293.051,300.100
101,6.972,296.661,303.633
102,7.631,300.073,307.704
103,7.328,296.925,304.253
104,7.221,297.504,304.725
105,8.144,303.080,311.224
106,7.021,296.423,303.444
107,7.680,299.577,307.258
108,7.494,299.803,307.297
109,7.856,297.859,305.716
110,7.321,303.329,310.650
111,7.152,296.010,303.162
112,6.960,295.792,302.753
113,6.690,293.703,300.393
114,6.735,301.498,308.233
115,7.426,298.600,306.026
116,6.410,298.615,305.025
117,7.744,299.653,307.397
118,6.310,300.348,306.658
119,7.169,302.825,309.994
120,6.743,300.242,306.985
[mvk-info] Destroyed VkDevice on GPU Apple M3 Max with 35 Vulkan extensions enabled.
[mvk-info] Destroyed VkPhysicalDevice for GPU Apple M3 Max with 0 MB of GPU memory still allocated.
[mvk-info] Destroying VkInstance for Vulkan version 1.4.357 with 5 Vulkan extensions enabled.
